// Jest Snapshot v1, https://goo.gl/fbAQLP

exports[`Home page Match to snapshot 1`] = `
<div>
  <main>
    <section>
      <div>
        <div
          class="undefined function search() { [native code] }"
        >
          <button
            aria-label="Search button"
            class="undefined undefined
  undefined undefined
  undefined "
            style="background-color: transparent; padding: 0px;"
            type="button"
          >
            <img
              alt="This is the left icon for the button"
              height="25px"
              src="assets/icons/search.svg"
              width="22px"
            />
          </button>
          <input
            placeholder="Search something..."
            type="text"
            value=""
          />
          <button
            aria-label="The right button"
            class="undefined undefined
  undefined undefined
  undefined "
            style="background-color: transparent; padding: 0px;"
            type="button"
          />
        </div>
        <ul>
          <li>
            <a
              class="undefined "
              href="/booksundefined"
            >
              Ascending
            </a>
          </li>
          <li>
            <a
              class="undefined "
              href="/booksundefined"
            >
              Descending
            </a>
          </li>
        </ul>
        <button
          class="undefined undefined
  undefined undefined
  undefined "
          type="button"
        >
          <img
            alt="This is the left icon for the button"
            height="25px"
            src="assets/icons/add.svg"
            width="22px"
          />
          Create
        </button>
      </div>
      <div>
        <div>
          <a
            href="/books/1"
          >
            <div>
              <h2
                class="undefined undefined "
              >
                HTML/CSS Ebook 1
              </h2>
              <p>
                Description of some book will displayed here
              </p>
              <div>
                <button
                  class="undefined undefined
  undefined undefined
  undefined "
                  type="button"
                >
                  <img
                    alt="This is the left icon for the button"
                    height="25px"
                    src="assets/icons/next.svg"
                    width="22px"
                  />
                </button>
                <button
                  class="undefined undefined
  undefined undefined
  undefined "
                  type="button"
                >
                  <img
                    alt="This is the left icon for the button"
                    height="25px"
                    src="assets/icons/trash.svg"
                    width="22px"
                  />
                </button>
              </div>
            </div>
            <div>
              <p>
                1:39 PM
              </p>
              <img
                alt="HTML/CSS Ebook 1"
                src="http://books.google.com/books/content?id=KzzXzqLzXi8C&printsec=frontcover&img=1&zoom=5&edge=curl&source=gbs_api"
              />
            </div>
          </a>
          <a
            href="/books/3"
          >
            <div>
              <h2
                class="undefined undefined "
              >
                HTML/CSS Ebook dd 
              </h2>
              <p>
                Description of some book will displayed hereDescription of some book will displayed hereDescription of some book will displayed hereDescription of some book will displayed heresdssdsdsdsdDescription of some book will displayed hereDescription of some book will displayed hereDescription of some book will displayed hereDescription of some book will displayed here
              </p>
              <div>
                <button
                  class="undefined undefined
  undefined undefined
  undefined "
                  type="button"
                >
                  <img
                    alt="This is the left icon for the button"
                    height="25px"
                    src="assets/icons/next.svg"
                    width="22px"
                  />
                </button>
                <button
                  class="undefined undefined
  undefined undefined
  undefined "
                  type="button"
                >
                  <img
                    alt="This is the left icon for the button"
                    height="25px"
                    src="assets/icons/trash.svg"
                    width="22px"
                  />
                </button>
              </div>
            </div>
            <div>
              <p>
                1:39 PM
              </p>
              <img
                alt="HTML/CSS Ebook dd "
                src="http://books.google.com/books/content?id=KzzXzqLzXi8C&printsec=frontcover&img=1&zoom=5&edge=curl&source=gbs_api"
              />
            </div>
          </a>
          <a
            href="/books/4"
          >
            <div>
              <h2
                class="undefined undefined "
              >
                HTML/CSS Ebook 4
              </h2>
              <p>
                Description of some book will displayed here ds s ssss   sss    
              </p>
              <div>
                <button
                  class="undefined undefined
  undefined undefined
  undefined "
                  type="button"
                >
                  <img
                    alt="This is the left icon for the button"
                    height="25px"
                    src="assets/icons/next.svg"
                    width="22px"
                  />
                </button>
                <button
                  class="undefined undefined
  undefined undefined
  undefined "
                  type="button"
                >
                  <img
                    alt="This is the left icon for the button"
                    height="25px"
                    src="assets/icons/trash.svg"
                    width="22px"
                  />
                </button>
              </div>
            </div>
            <div>
              <p>
                1:39 PM
              </p>
              <img
                alt="HTML/CSS Ebook 4"
                src="http://books.google.com/books/content?id=KzzXzqLzXi8C&printsec=frontcover&img=1&zoom=5&edge=curl&source=gbs_api"
              />
            </div>
          </a>
          <a
            href="/books/7"
          >
            <div>
              <h2
                class="undefined undefined "
              >
                HTML/CSS Ebook 6
              </h2>
              <p>
                Description of some book will displayed here
              </p>
              <div>
                <button
                  class="undefined undefined
  undefined undefined
  undefined "
                  type="button"
                >
                  <img
                    alt="This is the left icon for the button"
                    height="25px"
                    src="assets/icons/next.svg"
                    width="22px"
                  />
                </button>
                <button
                  class="undefined undefined
  undefined undefined
  undefined "
                  type="button"
                >
                  <img
                    alt="This is the left icon for the button"
                    height="25px"
                    src="assets/icons/trash.svg"
                    width="22px"
                  />
                </button>
              </div>
            </div>
            <div>
              <p>
                1:39 PM
              </p>
              <img
                alt="HTML/CSS Ebook 6"
                src="http://books.google.com/books/content?id=KzzXzqLzXi8C&printsec=frontcover&img=1&zoom=5&edge=curl&source=gbs_api"
              />
            </div>
          </a>
          <a
            href="/books/10"
          >
            <div>
              <h2
                class="undefined undefined "
              >
                LIFE
              </h2>
              <p>
                LIFE Magazine is the treasured photographic magazine that chronicled the 20th Century. It now lives on at LIFE.com, the largest, most amazing collection of professional photography on the internet. Users can browse, search and view photos of todayâ€™s people and events. They have free access to share, print and post images for personal use.
              </p>
              <div>
                <button
                  class="undefined undefined
  undefined undefined
  undefined "
                  type="button"
                >
                  <img
                    alt="This is the left icon for the button"
                    height="25px"
                    src="assets/icons/next.svg"
                    width="22px"
                  />
                </button>
                <button
                  class="undefined undefined
  undefined undefined
  undefined "
                  type="button"
                >
                  <img
                    alt="This is the left icon for the button"
                    height="25px"
                    src="assets/icons/trash.svg"
                    width="22px"
                  />
                </button>
              </div>
            </div>
            <div>
              <p>
                5:22 PM
              </p>
              <img
                alt="LIFE"
                src="http://books.google.com/books/content?id=Mz8EAAAAMBAJ&printsec=frontcover&img=1&zoom=1&edge=curl&source=gbs_api"
              />
            </div>
          </a>
          <a
            href="/books/12"
          >
            <div>
              <h2
                class="undefined undefined "
              >
                The Rotarian
              </h2>
              <p>
                Established in 1911, The Rotarian is the official magazine of Rotary International and is circulated worldwide. Each issue contains feature articles, columns, and departments about, or of interest to, Rotarians. Seventeen Nobel Prize winners and 19 Pulitzer Prize winners â€“ from Mahatma Ghandi to Kurt Vonnegut Jr. â€“ have written for the magazine.
              </p>
              <div>
                <button
                  class="undefined undefined
  undefined undefined
  undefined "
                  type="button"
                >
                  <img
                    alt="This is the left icon for the button"
                    height="25px"
                    src="assets/icons/next.svg"
                    width="22px"
                  />
                </button>
                <button
                  class="undefined undefined
  undefined undefined
  undefined "
                  type="button"
                >
                  <img
                    alt="This is the left icon for the button"
                    height="25px"
                    src="assets/icons/trash.svg"
                    width="22px"
                  />
                </button>
              </div>
            </div>
            <div>
              <p>
                11:5 PM
              </p>
              <img
                alt="The Rotarian"
                src="http://books.google.com/books/content?id=ckEEAAAAMBAJ&printsec=frontcover&img=1&zoom=1&edge=curl&source=gbs_api"
              />
            </div>
          </a>
          <a
            href="/books/13"
          >
            <div>
              <h2
                class="undefined undefined "
              >
                Hello
              </h2>
              <p>
                asdasdasdasd
              </p>
              <div>
                <button
                  class="undefined undefined
  undefined undefined
  undefined "
                  type="button"
                >
                  <img
                    alt="This is the left icon for the button"
                    height="25px"
                    src="assets/icons/next.svg"
                    width="22px"
                  />
                </button>
                <button
                  class="undefined undefined
  undefined undefined
  undefined "
                  type="button"
                >
                  <img
                    alt="This is the left icon for the button"
                    height="25px"
                    src="assets/icons/trash.svg"
                    width="22px"
                  />
                </button>
              </div>
            </div>
            <div>
              <p>
                8:38 AM
              </p>
              <img
                alt="Hello"
                src="http://books.google.com/books/content?id=WNSUweeeSIIC&printsec=frontcover&img=1&zoom=1&source=gbs_api"
              />
            </div>
          </a>
          <a
            href="/books/14"
          >
            <div>
              <h2
                class="undefined undefined "
              >
                Popular Mechanics2333
              </h2>
              <p>
                Popular Mechanics inspires, instructs and influences readers to help them master the modern world. Whether itâ€™s practical DIY home-improvement tips, gadgets and digital technology, information on the newest cars or the latest breakthroughs in science -- PM is the ultimate guide to our high-tech lifestyle.
              </p>
              <div>
                <button
                  class="undefined undefined
  undefined undefined
  undefined "
                  type="button"
                >
                  <img
                    alt="This is the left icon for the button"
                    height="25px"
                    src="assets/icons/next.svg"
                    width="22px"
                  />
                </button>
                <button
                  class="undefined undefined
  undefined undefined
  undefined "
                  type="button"
                >
                  <img
                    alt="This is the left icon for the button"
                    height="25px"
                    src="assets/icons/trash.svg"
                    width="22px"
                  />
                </button>
              </div>
            </div>
            <div>
              <p>
                8:39 AM
              </p>
              <img
                alt="Popular Mechanics2333"
                src="http://books.google.com/books/content?id=QtQDAAAAMBAJ&printsec=frontcover&img=1&zoom=1&edge=curl&source=gbs_api"
              />
            </div>
          </a>
          <a
            href="/books/15"
          >
            <div>
              <h2
                class="undefined undefined "
              >
                Hello! Flex 4
              </h2>
              <p>
                Flex 4 is an open-source tool that allows developers to easily add life to web applications with dynamic user features, colorful transitions, and eye-catching animations. Flex also provides powerful data handling for industrial-strength applications. We think it should be just as much fun to learn Flex as it is to use it. And we know that fun learning gets better results. Hello! Flex 4 demonstrates how to get started without getting bogged down in technical detail or academic edge cases. In this book, User Friendly cartoon characters offer commentary and snide side comments, as the book moves quickly from Hello World into practical techniques. Each one is illustrated with a hands-on example. Along the way, readers will build a unique Flex application that mashes Yahoo Maps with Twitter to keep track of friends. Purchase of the print book comes with an offer of a free PDF, ePub, and Kindle eBook from Manning. Also available is all code from the book.
              </p>
              <div>
                <button
                  class="undefined undefined
  undefined undefined
  undefined "
                  type="button"
                >
                  <img
                    alt="This is the left icon for the button"
                    height="25px"
                    src="assets/icons/next.svg"
                    width="22px"
                  />
                </button>
                <button
                  class="undefined undefined
  undefined undefined
  undefined "
                  type="button"
                >
                  <img
                    alt="This is the left icon for the button"
                    height="25px"
                    src="assets/icons/trash.svg"
                    width="22px"
                  />
                </button>
              </div>
            </div>
            <div>
              <p>
                8:41 AM
              </p>
              <img
                alt="Hello! Flex 4"
                src="http://books.google.com/books/content?id=DjszEAAAQBAJ&printsec=frontcover&img=1&zoom=1&edge=curl&source=gbs_api"
              />
            </div>
          </a>
          <a
            href="/books/16"
          >
            <div>
              <h2
                class="undefined undefined "
              >
                LIFE23333
              </h2>
              <p>
                LIFE Magazine is the treasured photographic magazine that chronicled the 20th Century. It now lives on at LIFE.com, the largest, most amazing collection of professional photography on the internet. Users can browse, search and view photos of todayâ€™s people and events. They have free access to share, print and post images for personal use.
              </p>
              <div>
                <button
                  class="undefined undefined
  undefined undefined
  undefined "
                  type="button"
                >
                  <img
                    alt="This is the left icon for the button"
                    height="25px"
                    src="assets/icons/next.svg"
                    width="22px"
                  />
                </button>
                <button
                  class="undefined undefined
  undefined undefined
  undefined "
                  type="button"
                >
                  <img
                    alt="This is the left icon for the button"
                    height="25px"
                    src="assets/icons/trash.svg"
                    width="22px"
                  />
                </button>
              </div>
            </div>
            <div>
              <p>
                8:42 AM
              </p>
              <img
                alt="LIFE23333"
                src="http://books.google.com/books/content?id=51YEAAAAMBAJ&printsec=frontcover&img=1&zoom=1&edge=curl&source=gbs_api"
              />
            </div>
          </a>
          <a
            href="/books/17"
          >
            <div>
              <h2
                class="undefined undefined "
              >
                LIFE23333
              </h2>
              <p>
                LIFE Magazine is the treasured photographic magazine that chronicled the 20th Century. It now lives on at LIFE.com, the largest, most amazing collection of professional photography on the internet. Users can browse, search and view photos of todayâ€™s people and events. They have free access to share, print and post images for personal use.
              </p>
              <div>
                <button
                  class="undefined undefined
  undefined undefined
  undefined "
                  type="button"
                >
                  <img
                    alt="This is the left icon for the button"
                    height="25px"
                    src="assets/icons/next.svg"
                    width="22px"
                  />
                </button>
                <button
                  class="undefined undefined
  undefined undefined
  undefined "
                  type="button"
                >
                  <img
                    alt="This is the left icon for the button"
                    height="25px"
                    src="assets/icons/trash.svg"
                    width="22px"
                  />
                </button>
              </div>
            </div>
            <div>
              <p>
                8:42 AM
              </p>
              <img
                alt="LIFE23333"
                src="http://books.google.com/books/content?id=51YEAAAAMBAJ&printsec=frontcover&img=1&zoom=1&edge=curl&source=gbs_api"
              />
            </div>
          </a>
        </div>
        <div>
          <button
            class="undefined undefined
  function small() { [native code] } undefined
  undefined "
            data-testid="pagination"
            type="button"
          >
            1
          </button>
          <button
            class="undefined undefined
  function small() { [native code] } undefined
  undefined "
            data-testid="pagination"
            type="button"
          >
            2
          </button>
          <button
            class="undefined undefined
  function small() { [native code] } undefined
  undefined "
            data-testid="pagination"
            type="button"
          >
            3
          </button>
          <button
            class="undefined undefined
  function small() { [native code] } undefined
  undefined "
            data-testid="pagination"
            type="button"
          >
            4
          </button>
        </div>
      </div>
    </section>
  </main>
</div>
`;
