// Jest Snapshot v1, https://goo.gl/fbAQLP

exports[`withErrorBoundaries Match to snapshot 1`] = `
<div>
  <p>
    Resolve
  </p>
</div>
`;
