// Jest Snapshot v1, https://goo.gl/fbAQLP

exports[`Input match snapshot 1`] = `
<DocumentFragment>
  <div
    class="undefined "
  >
    <button
      aria-label="Search button"
      class="undefined undefined
  undefined undefined
  undefined "
      style="background-color: transparent; padding: 0px;"
      type="button"
    />
    <input
      placeholder="Enter"
      type="text"
      value=""
    />
    <button
      aria-label="The right button"
      class="undefined undefined
  undefined undefined
  undefined "
      style="background-color: transparent; padding: 0px;"
      type="button"
    />
  </div>
</DocumentFragment>
`;
