// Jest Snapshot v1, https://goo.gl/fbAQLP

exports[`Card skeleton Match snapshot 1`] = `
<div>
  <div
    class="undefined undefined"
    data-testid="card-skeleton"
  >
    <div>
      <h2
        class="undefined undefined undefined undefined"
      />
      <p
        class="undefined undefined"
      />
      <div>
        <button>
          Icon
        </button>
        <button>
          Icon
        </button>
      </div>
    </div>
    <div>
      <p
        class="undefined undefined"
      />
      <div
        class="undefined undefined undefined"
      />
    </div>
  </div>
</div>
`;
