// Jest Snapshot v1, https://goo.gl/fbAQLP

exports[`ChooseImage component Match snapshot 1`] = `
<div>
  <p>
    image.jpg
  </p>
</div>
`;
