// Jest Snapshot v1, https://goo.gl/fbAQLP

exports[`Error component Match snapshot 1`] = `
<div>
  <section>
    <h2
      class="undefined undefined "
    >
      Oops! Something went wrong
    </h2>
    <p>
      Please, help me reload pages.
    </p>
  </section>
</div>
`;
