// Jest Snapshot v1, https://goo.gl/fbAQLP

exports[`Popup context Match to snapshot 1`] = `
<div>
  <button>
    Open popup
  </button>
</div>
`;
