// Jest Snapshot v1, https://goo.gl/fbAQLP

exports[`Toast context Match to snapshot 1`] = `
<div>
  <button>
    Show toast
  </button>
</div>
`;
